# See http://eed3si9n.com/testing-sbt-plugins for sbt-scripted test syntax
# initialize a git repository to make our plugins happy
$ exec git init
# Remove any hooks (such as the formatting hook), since it in particular will cause errors.
$ exec rm -r .git/hooks
$ exec mkdir .git/hooks
$ exec git add .
$ exec git commit -m "initial commit"

> checkCompileDoesNotFormat

> checkFormat

# Make sure all our code compiles, including:
# core/src/it test code that depends on core/src/test code
> it:compile

# Style plugin tests.
> checkStyle
> styleCheckStrict
-> test:styleCheckStrict

# Node plugin tests.
-$ exists webapp/public
> webApp/npm:mkNodeTarget
$ exists webapp/public
# Second run should not error.
> webApp/npm:mkNodeTarget

# WebApp plugin tests.
-$ exists client/build/index.html
-$ exists client/node_modules
> webApp/npm:build
$ exists client/build/index.html
$ exists client/node_modules

# Test it is possible to stub out the deploy NPM build
> set deployNpmBuild in webApp := (stubbedDeployNpmBuild in webApp).value
> webApp/stage
$ exists webapp/stubbed.txt

# WebService plugin tests.
> webService/reStart
$ sleep 2000
$ exec curl http://0.0.0.0:8888
> webService/reStop

# Git-hook generation tests.
-$ exists .git/hooks/pre-commit
-$ exists .git/hooks/scalariform.jar

> generateAutoformatGitHook
$ exists .git/hooks/pre-commit
$ exists .git/hooks/scalariform.jar

# Env config generation tests.
# We can't test the full deploy process in a contained way because of the system commands involved,
# but by testing config generation we at least run through the parsing logic.
# Test generating config from within the webservice project.
> project webService
-$ exists webservice/target/deploy/localhost/webservice/env.conf
> generateEnvConfig test
$ exists webservice/target/deploy/localhost/webservice/env.conf
$ delete webservice/target/deploy/localhost/webservice/env.conf

# Test generating config in webservice from another project.
> project simple
-$ exists webservice/target/deploy/localhost/webservice/env.conf
> webService/generateEnvConfig test
$ exists webservice/target/deploy/localhost/webservice/env.conf
$ delete webservice/target/deploy/localhost/webservice/env.conf

# Test generation for non-configured env fails.
-> webService/generateEnvConfig notAnEnv
